../Core/Src/main.c:81:6:Set_LED	24	static
../Core/Src/main.c:88:6:Set_Brightness_LED	24	static
../Core/Src/main.c:102:6:Apply_LED	32	static
../Core/Src/main.c:135:5:Get_Encoder_Val	4	static
../Core/Src/main.c:145:5:main	48	static
../Core/Src/main.c:252:6:SystemClock_Config	96	static
../Core/Src/main.c:302:13:MX_TIM1_Init	96	static
../Core/Src/main.c:372:13:MX_TIM2_Init	56	static
../Core/Src/main.c:421:13:MX_USART2_UART_Init	8	static
../Core/Src/main.c:454:13:MX_DMA_Init	16	static
../Core/Src/main.c:472:13:MX_GPIO_Init	48	static
../Core/Src/main.c:511:5:_write	24	static
../Core/Src/main.c:526:6:Error_Handler	4	static,ignoring_inline_asm
